2025-09-19 21:00:20 - INFO - Открываем страницу: http://the-internet.herokuapp.com/windows
2025-09-19 21:00:23 - INFO - Проверка открытия страницы: https://the-internet.herokuapp.com/windows
2025-09-19 21:00:23 - INFO - Кликаем по ссылке 'Click Here'
2025-09-19 21:00:24 - INFO - Переключаемся на вкладку #1, всего вкладок: 2
2025-09-19 21:00:24 - INFO - Текст на новой вкладке: 'New Window'
2025-09-19 21:00:24 - INFO - Текущий заголовок вкладки: 'New Window'
2025-09-19 21:00:24 - INFO - Переключаемся на вкладку #0, всего вкладок: 2
2025-09-19 21:00:24 - INFO - Проверка открытия страницы: https://the-internet.herokuapp.com/windows
2025-09-19 21:00:24 - INFO - Кликаем по ссылке 'Click Here'
2025-09-19 21:00:24 - INFO - Переключаемся на вкладку #2, всего вкладок: 3
2025-09-19 21:00:24 - INFO - Текст на новой вкладке: 'New Window'
2025-09-19 21:00:24 - INFO - Текущий заголовок вкладки: 'New Window'
2025-09-19 21:00:24 - INFO - Переключаемся на вкладку #1, всего вкладок: 3
2025-09-19 21:00:24 - INFO - Закрываем текущую вкладку 'New Window'
2025-09-19 21:00:24 - INFO - Переключаемся на вкладку #1, всего вкладок: 2
2025-09-19 21:00:24 - INFO - Закрываем текущую вкладку 'New Window'
2025-09-19 21:00:24 - INFO - Переключаемся на вкладку #0, всего вкладок: 1
2025-09-19 21:00:24 - INFO - Проверка открытия страницы: https://the-internet.herokuapp.com/windows
